../Drivers/CMSIS/Include/core_cm4.h:2059:26:ITM_SendChar	16	static,ignoring_inline_asm
../Core/Src/main.c:25:5:_write	32	static
../Core/Src/main.c:44:6:HAL_UART_RxCpltCallback	16	static
../Core/Src/main.c:83:5:main	8	static
../Core/Src/main.c:135:6:SystemClock_Config	96	static
../Core/Src/main.c:185:13:MX_UART4_Init	8	static
../Core/Src/main.c:218:13:MX_DMA_Init	16	static
../Core/Src/main.c:236:13:MX_GPIO_Init	32	static
../Core/Src/main.c:267:6:Error_Handler	4	static,ignoring_inline_asm
