../Drivers/CMSIS/Include/core_cm4.h:2059:26:ITM_SendChar	16	static,ignoring_inline_asm
../Core/Src/main.c:28:5:_write	32	static
../Core/Src/main.c:36:7:GSM_Send_AT_Command	16	static
../Core/Src/main.c:45:5:GSM_TCP_init	16	static
../Core/Src/main.c:174:5:GSM_APN_SET	16	static
../Core/Src/main.c:299:5:GSM_SIM_INIT	16	static
../Core/Src/main.c:587:5:main	16	static
../Core/Src/main.c:659:6:SystemClock_Config	96	static
../Core/Src/main.c:709:13:MX_UART4_Init	8	static
../Core/Src/main.c:744:13:MX_GPIO_Init	16	static
../Core/Src/main.c:764:6:Error_Handler	4	static,ignoring_inline_asm
