../Drivers/CMSIS/Include/core_cm4.h:2059:26:ITM_SendChar	16	static,ignoring_inline_asm
../Core/Src/main.c:67:5:_write	32	static
../Core/Src/main.c:128:6:HAL_UART_TxCpltCallback	16	static
../Core/Src/main.c:139:5:DATA_SEND_READY	16	static
../Core/Src/main.c:175:7:GSM_Send_AT_Command	16	static
../Core/Src/main.c:185:5:GSM_TCP_init	16	static
../Core/Src/main.c:263:5:GSM_APN_SET	16	static
../Core/Src/main.c:387:5:GSM_SIM_INIT	16	static
../Core/Src/main.c:630:5:GSM_Send_Data	32	static
../Core/Src/main.c:731:5:main	120	static
../Core/Src/main.c:822:6:SystemClock_Config	96	static
../Core/Src/main.c:872:13:MX_UART4_Init	8	static
../Core/Src/main.c:907:13:MX_UART5_Init	8	static
../Core/Src/main.c:942:13:MX_USART1_UART_Init	8	static
../Core/Src/main.c:977:13:MX_USART2_UART_Init	8	static
../Core/Src/main.c:1012:13:MX_USART3_UART_Init	8	static
../Core/Src/main.c:1051:13:MX_GPIO_Init	24	static
../Core/Src/main.c:1067:6:gpsData	64	static
../Core/Src/main.c:1154:13:gps_data_extraction	136	static
../Core/Src/main.c:1224:6:Error_Handler	4	static,ignoring_inline_asm
