../Core/Src/W25Qxx.c:21:6:W25Q_Delay	16	static
../Core/Src/W25Qxx.c:26:6:csLOW	8	static
../Core/Src/W25Qxx.c:31:6:csHIGH	8	static
../Core/Src/W25Qxx.c:36:6:SPI_Write	16	static
../Core/Src/W25Qxx.c:41:6:SPI_Read	16	static
../Core/Src/W25Qxx.c:48:6:W25Q_Reset	16	static
../Core/Src/W25Qxx.c:59:10:W25Q_ReadID	16	static
../Core/Src/W25Qxx.c:72:6:W25Q_Read	40	static
../Core/Src/W25Qxx.c:108:6:W25Q_FastRead	40	static
../Core/Src/W25Qxx.c:145:6:write_enable	16	static
../Core/Src/W25Qxx.c:154:6:write_disable	16	static
../Core/Src/W25Qxx.c:163:10:bytestowrite	16	static
../Core/Src/W25Qxx.c:169:10:bytestomodify	16	static
../Core/Src/W25Qxx.c:175:6:W25Q_Erase_Sector	32	static
../Core/Src/W25Qxx.c:213:6:W25Q_Write_Clean	344	static
../Core/Src/W25Qxx.c:295:6:W25Q_Write	4160	static
../Core/Src/W25Qxx.c:325:9:W25Q_Read_Byte	32	static
../Core/Src/W25Qxx.c:362:6:W25Q_Write_Byte	24	static
../Core/Src/W25Qxx.c:402:6:float2Bytes	24	static
../Core/Src/W25Qxx.c:417:7:Bytes2float	32	static
../Core/Src/W25Qxx.c:432:6:W25Q_Write_NUM	32	static
../Core/Src/W25Qxx.c:447:7:W25Q_Read_NUM	24	static
../Core/Src/W25Qxx.c:454:6:W25Q_Write_32B	64	dynamic
../Core/Src/W25Qxx.c:470:6:W25Q_Read_32B	64	dynamic
../Core/Src/W25Qxx.c:486:6:Storing_GPS_Data_Into_Flash	24	static
