../Drivers/CMSIS/Include/core_cm4.h:2059:26:ITM_SendChar	16	static,ignoring_inline_asm
../Core/Src/main.c:26:5:_write	32	static
../Core/Src/main.c:45:6:HAL_UART_RxCpltCallback	16	static
../Core/Src/main.c:84:5:main	8	static
../Core/Src/main.c:136:6:SystemClock_Config	96	static
../Core/Src/main.c:186:13:MX_UART4_Init	8	static
../Core/Src/main.c:219:13:MX_DMA_Init	16	static
../Core/Src/main.c:237:13:MX_GPIO_Init	32	static
../Core/Src/main.c:268:6:Error_Handler	4	static,ignoring_inline_asm
