../Drivers/CMSIS/Include/core_cm4.h:2059:26:ITM_SendChar	16	static,ignoring_inline_asm
../Core/Src/main.c:27:5:_write	32	static
../Core/Src/main.c:43:5:GSM_Compare_GSMData_With	24	static
../Core/Src/main.c:54:6:GSM_Send_AT_Command	16	static
../Core/Src/main.c:103:5:main	8	static
../Core/Src/main.c:150:6:SystemClock_Config	96	static
../Core/Src/main.c:200:13:MX_USART2_UART_Init	8	static
../Core/Src/main.c:235:13:MX_GPIO_Init	16	static
../Core/Src/main.c:255:6:Error_Handler	4	static,ignoring_inline_asm
